{
    "url": "https:\/\/api.telegram.org\/bot3f3814e1-5836-3d77-904e-60f64b15df36\/promoteChatMember",
    "payload": {
        "chat_id": "-123456789",
        "user_id": "123456",
        "can_manage_chat": false,
        "can_post_messages": false,
        "can_delete_messages": false,
        "can_manage_video_chats": false,
        "can_restrict_members": false,
        "can_promote_members": false,
        "can_change_info": false,
        "can_invite_users": false,
        "can_pin_messages": false
    },
    "files": []
}