{"url":"https:\/\/api.telegram.org\/bot3f3814e1-5836-3d77-904e-60f64b15df36\/createInvoiceLink","payload":{"title":"Test Invoice","payload":"created by Telegraph","provider_token":"","prices":[{"label":"Test Label","amount":10}],"description":"Test Description","currency":"EUR","max_tip_amount":70,"suggested_tip_amounts":[30,20],"start_parameter":"10","provider_data":"[\"Test Provider Data\"]","photo_url":"Test Image Link","photo_size":20,"photo_width":20,"need_name":true,"need_phone_number":true,"send_phone_number_to_provider":true,"need_email":true,"send_email_to_provider":true,"need_shipping_address":true,"is_flexible":true},"files":[]}