{"url":"https:\/\/api.telegram.org\/bot3f3814e1-5836-3d77-904e-60f64b15df36\/sendGame","payload":{"game_short_name":"game_short_name","business_connection_id":"business_connection_id","message_thread_id":"message_thread_id","message_effect_id":"message_effect_id","disable_notification":true,"protect_content":true,"allow_paid_broadcast":true,"chat_id":"-123456789"},"files":[]}