[
    [
        {
            "text": "test",
            "callback_data": "action:test;id:1"
        },
        {
            "text": "delete",
            "callback_data": "action:delete;id:2"
        }
    ],
    [
        {
            "text": "\ud83d\udc40 Apri",
            "url": "https:\/\/test.it"
        }
    ]
]